name: goldens
publish-to: none

environment:
  sdk: ^3.4.0
